// Jest Snapshot v1, https://goo.gl/fbAQLP

exports[`renders App component correctly 1`] = `
<div
  className="App"
>
  <h1>
    Dictionary App
  </h1>
  <form
    onSubmit={[Function]}
  >
    <input
      onChange={[Function]}
      placeholder="Enter a word"
      type="text"
      value=""
    />
    <button
      type="submit"
    >
      Search
    </button>
  </form>
   
</div>
`;
